---------------------------- PROCESS STARTED (8190) for package com.example.MyJD ----------------------------
2025-10-24 10:07:14.070  8190-8190  ziparchive              com.example.MyJD                     W  Unable to open '/data/app/~~TUvJWndKlo-qA-64JlF-EQ==/com.example.MyJD-h71gghRua83G243aEidvLw==/base.dm': No such file or directory
2025-10-24 10:07:14.070  8190-8190  ziparchive              com.example.MyJD                     W  Unable to open '/data/app/~~TUvJWndKlo-qA-64JlF-EQ==/com.example.MyJD-h71gghRua83G243aEidvLw==/base.dm': No such file or directory
2025-10-24 10:07:14.466  8190-8190  nativeloader            com.example.MyJD                     D  Configuring classloader-namespace for other apk /data/app/~~TUvJWndKlo-qA-64JlF-EQ==/com.example.MyJD-h71gghRua83G243aEidvLw==/base.apk. target_sdk_version=33, uses_libraries=, library_path=/data/app/~~TUvJWndKlo-qA-64JlF-EQ==/com.example.MyJD-h71gghRua83G243aEidvLw==/lib/arm64:/data/app/~~TUvJWndKlo-qA-64JlF-EQ==/com.example.MyJD-h71gghRua83G243aEidvLw==/base.apk!/lib/arm64-v8a, permitted_path=/data:/mnt/expand:/data/user/0/com.example.MyJD
2025-10-24 10:07:14.484  8190-8190  GraphicsEnvironment     com.example.MyJD                     V  ANGLE Developer option for 'com.example.MyJD' set to: 'default'
2025-10-24 10:07:14.484  8190-8190  GraphicsEnvironment     com.example.MyJD                     V  ANGLE GameManagerService for com.example.MyJD: false
2025-10-24 10:07:14.484  8190-8190  GraphicsEnvironment     com.example.MyJD                     V  Neither updatable production driver nor prerelease driver is supported.
2025-10-24 10:07:14.488  8190-8190  NetworkSecurityConfig   com.example.MyJD                     D  No Network Security Config specified, using platform default
2025-10-24 10:07:14.488  8190-8190  NetworkSecurityConfig   com.example.MyJD                     D  No Network Security Config specified, using platform default
2025-10-24 10:07:14.532  8190-8210  libEGL                  com.example.MyJD                     D  loaded /vendor/lib64/egl/libEGL_emulation.so
2025-10-24 10:07:14.533  8190-8210  libEGL                  com.example.MyJD                     D  loaded /vendor/lib64/egl/libGLESv1_CM_emulation.so
2025-10-24 10:07:14.536  8190-8210  libEGL                  com.example.MyJD                     D  loaded /vendor/lib64/egl/libGLESv2_emulation.so
2025-10-24 10:07:14.588  8190-8190  Compatibil...geReporter com.example.MyJD                     D  Compat change id reported: 237531167; UID 10176; state: DISABLED
2025-10-24 10:07:14.592  8190-8208  Parcel                  com.example.MyJD                     W  Expecting binder but got null!
2025-10-24 10:07:14.691  8190-8190  DataRepository          com.example.MyJD                     D  Creating singleton instance
2025-10-24 10:07:14.895  8190-8208  HostConnection          com.example.MyJD                     D  HostComposition ext ANDROID_EMU_CHECKSUM_HELPER_v1 ANDROID_EMU_native_sync_v2 ANDROID_EMU_native_sync_v3 ANDROID_EMU_native_sync_v4 ANDROID_EMU_dma_v1 ANDROID_EMU_direct_mem ANDROID_EMU_host_composition_v1 ANDROID_EMU_host_composition_v2 ANDROID_EMU_vulkan ANDROID_EMU_deferred_vulkan_commands ANDROID_EMU_vulkan_null_optional_strings ANDROID_EMU_vulkan_create_resources_with_requirements ANDROID_EMU_YUV_Cache ANDROID_EMU_vulkan_ignored_handles ANDROID_EMU_has_shared_slots_host_memory_allocator ANDROID_EMU_vulkan_free_memory_sync ANDROID_EMU_vulkan_shader_float16_int8 ANDROID_EMU_vulkan_async_queue_submit ANDROID_EMU_vulkan_queue_submit_with_commands ANDROID_EMU_sync_buffer_data ANDROID_EMU_vulkan_async_qsri ANDROID_EMU_read_color_buffer_dma ANDROID_EMU_hwc_multi_configs GL_OES_EGL_image_external_essl3 GL_OES_vertex_array_object ANDROID_EMU_host_side_tracing ANDROID_EMU_gles_max_version_3_0
2025-10-24 10:07:14.898  8190-8208  OpenGLRenderer          com.example.MyJD                     W  Failed to choose config with EGL_SWAP_BEHAVIOR_PRESERVED, retrying without...
2025-10-24 10:07:14.900  8190-8208  OpenGLRenderer          com.example.MyJD                     W  Failed to initialize 101010-2 format, error = EGL_SUCCESS
2025-10-24 10:07:14.903  8190-8208  EGL_emulation           com.example.MyJD                     D  eglCreateContext: 0xb40000709c9ac910: maj 3 min 0 rcv 3
2025-10-24 10:07:14.904  8190-8208  EGL_emulation           com.example.MyJD                     D  eglMakeCurrent: 0xb40000709c9ac910: ver 3 0 (tinfo 0x72c99ff080) (first time)
2025-10-24 10:07:14.926  8190-8208  Gralloc4                com.example.MyJD                     I  mapper 4.x is not supported
2025-10-24 10:07:14.929  8190-8208  Gralloc4                com.example.MyJD                     W  allocator 4.x is not supported
2025-10-24 10:07:14.937  8190-8208  HostConnection          com.example.MyJD                     D  HostComposition ext ANDROID_EMU_CHECKSUM_HELPER_v1 ANDROID_EMU_native_sync_v2 ANDROID_EMU_native_sync_v3 ANDROID_EMU_native_sync_v4 ANDROID_EMU_dma_v1 ANDROID_EMU_direct_mem ANDROID_EMU_host_composition_v1 ANDROID_EMU_host_composition_v2 ANDROID_EMU_vulkan ANDROID_EMU_deferred_vulkan_commands ANDROID_EMU_vulkan_null_optional_strings ANDROID_EMU_vulkan_create_resources_with_requirements ANDROID_EMU_YUV_Cache ANDROID_EMU_vulkan_ignored_handles ANDROID_EMU_has_shared_slots_host_memory_allocator ANDROID_EMU_vulkan_free_memory_sync ANDROID_EMU_vulkan_shader_float16_int8 ANDROID_EMU_vulkan_async_queue_submit ANDROID_EMU_vulkan_queue_submit_with_commands ANDROID_EMU_sync_buffer_data ANDROID_EMU_vulkan_async_qsri ANDROID_EMU_read_color_buffer_dma ANDROID_EMU_hwc_multi_configs GL_OES_EGL_image_external_essl3 GL_OES_vertex_array_object ANDROID_EMU_host_side_tracing ANDROID_EMU_gles_max_version_3_0
2025-10-24 10:07:14.938  8190-8208  OpenGLRenderer          com.example.MyJD                     E  Unable to match the desired swap behavior.
2025-10-24 10:07:15.037  8190-8190  MainActivity            com.example.MyJD                     D  Cart count updated via StateFlow: 0
2025-10-24 10:07:18.302  8190-8208  EGL_emulation           com.example.MyJD                     D  app_time_stats: avg=358.53ms min=2.44ms max=3021.84ms count=9
2025-10-24 10:07:20.418  8190-8245  ProfileInstaller        com.example.MyJD                     D  Installing profile for com.example.MyJD
2025-10-24 10:07:21.697  8190-8208  EGL_emulation           com.example.MyJD                     D  app_time_stats: avg=187.55ms min=1.55ms max=3134.55ms count=17
2025-10-24 10:07:25.107  8190-8208  EGL_emulation           com.example.MyJD                     D  app_time_stats: avg=187.69ms min=1.20ms max=3142.29ms count=17
2025-10-24 10:07:25.112  8190-8199  om.example.MyJD         com.example.MyJD                     I  Compiler allocated 4413KB to compile void android.view.ViewRootImpl.performTraversals()
2025-10-24 10:07:25.170  8190-8202  System                  com.example.MyJD                     W  A resource failed to call close.
2025-10-24 10:07:28.477  8190-8208  EGL_emulation           com.example.MyJD                     D  app_time_stats: avg=229.14ms min=1.12ms max=3148.24ms count=14
2025-10-24 10:07:29.980  8190-8208  EGL_emulation           com.example.MyJD                     D  app_time_stats: avg=93.92ms min=12.24ms max=1261.72ms count=16
2025-10-24 10:07:30.084  8190-8190  OnBackInvokedCallback   com.example.MyJD                     W  OnBackInvokedCallback is not enabled for the application.
                                                                                                    Set 'android:enableOnBackInvokedCallback="true"' in the application manifest.
2025-10-24 10:07:30.158  8190-8251  HostConnection          com.example.MyJD                     D  HostComposition ext ANDROID_EMU_CHECKSUM_HELPER_v1 ANDROID_EMU_native_sync_v2 ANDROID_EMU_native_sync_v3 ANDROID_EMU_native_sync_v4 ANDROID_EMU_dma_v1 ANDROID_EMU_direct_mem ANDROID_EMU_host_composition_v1 ANDROID_EMU_host_composition_v2 ANDROID_EMU_vulkan ANDROID_EMU_deferred_vulkan_commands ANDROID_EMU_vulkan_null_optional_strings ANDROID_EMU_vulkan_create_resources_with_requirements ANDROID_EMU_YUV_Cache ANDROID_EMU_vulkan_ignored_handles ANDROID_EMU_has_shared_slots_host_memory_allocator ANDROID_EMU_vulkan_free_memory_sync ANDROID_EMU_vulkan_shader_float16_int8 ANDROID_EMU_vulkan_async_queue_submit ANDROID_EMU_vulkan_queue_submit_with_commands ANDROID_EMU_sync_buffer_data ANDROID_EMU_vulkan_async_qsri ANDROID_EMU_read_color_buffer_dma ANDROID_EMU_hwc_multi_configs GL_OES_EGL_image_external_essl3 GL_OES_vertex_array_object ANDROID_EMU_host_side_tracing ANDROID_EMU_gles_max_version_3_0
2025-10-24 10:07:30.158  8190-8251  OpenGLRenderer          com.example.MyJD                     W  Failed to choose config with EGL_SWAP_BEHAVIOR_PRESERVED, retrying without...
2025-10-24 10:07:30.159  8190-8251  OpenGLRenderer          com.example.MyJD                     W  Failed to initialize 101010-2 format, error = EGL_SUCCESS
2025-10-24 10:07:30.159  8190-8251  EGL_emulation           com.example.MyJD                     D  eglCreateContext: 0xb40000709c9bcd50: maj 3 min 0 rcv 3
2025-10-24 10:07:30.160  8190-8251  EGL_emulation           com.example.MyJD                     D  eglMakeCurrent: 0xb40000709c9bcd50: ver 3 0 (tinfo 0x72c99ff100) (first time)
2025-10-24 10:07:30.173  8190-8215  HostConnection          com.example.MyJD                     D  HostComposition ext ANDROID_EMU_CHECKSUM_HELPER_v1 ANDROID_EMU_native_sync_v2 ANDROID_EMU_native_sync_v3 ANDROID_EMU_native_sync_v4 ANDROID_EMU_dma_v1 ANDROID_EMU_direct_mem ANDROID_EMU_host_composition_v1 ANDROID_EMU_host_composition_v2 ANDROID_EMU_vulkan ANDROID_EMU_deferred_vulkan_commands ANDROID_EMU_vulkan_null_optional_strings ANDROID_EMU_vulkan_create_resources_with_requirements ANDROID_EMU_YUV_Cache ANDROID_EMU_vulkan_ignored_handles ANDROID_EMU_has_shared_slots_host_memory_allocator ANDROID_EMU_vulkan_free_memory_sync ANDROID_EMU_vulkan_shader_float16_int8 ANDROID_EMU_vulkan_async_queue_submit ANDROID_EMU_vulkan_queue_submit_with_commands ANDROID_EMU_sync_buffer_data ANDROID_EMU_vulkan_async_qsri ANDROID_EMU_read_color_buffer_dma ANDROID_EMU_hwc_multi_configs GL_OES_EGL_image_external_essl3 GL_OES_vertex_array_object ANDROID_EMU_host_side_tracing ANDROID_EMU_gles_max_version_3_0
2025-10-24 10:07:30.186  8190-8213  HostConnection          com.example.MyJD                     D  HostComposition ext ANDROID_EMU_CHECKSUM_HELPER_v1 ANDROID_EMU_native_sync_v2 ANDROID_EMU_native_sync_v3 ANDROID_EMU_native_sync_v4 ANDROID_EMU_dma_v1 ANDROID_EMU_direct_mem ANDROID_EMU_host_composition_v1 ANDROID_EMU_host_composition_v2 ANDROID_EMU_vulkan ANDROID_EMU_deferred_vulkan_commands ANDROID_EMU_vulkan_null_optional_strings ANDROID_EMU_vulkan_create_resources_with_requirements ANDROID_EMU_YUV_Cache ANDROID_EMU_vulkan_ignored_handles ANDROID_EMU_has_shared_slots_host_memory_allocator ANDROID_EMU_vulkan_free_memory_sync ANDROID_EMU_vulkan_shader_float16_int8 ANDROID_EMU_vulkan_async_queue_submit ANDROID_EMU_vulkan_queue_submit_with_commands ANDROID_EMU_sync_buffer_data ANDROID_EMU_vulkan_async_qsri ANDROID_EMU_read_color_buffer_dma ANDROID_EMU_hwc_multi_configs GL_OES_EGL_image_external_essl3 GL_OES_vertex_array_object ANDROID_EMU_host_side_tracing ANDROID_EMU_gles_max_version_3_0
2025-10-24 10:07:30.201  8190-8214  HostConnection          com.example.MyJD                     D  HostComposition ext ANDROID_EMU_CHECKSUM_HELPER_v1 ANDROID_EMU_native_sync_v2 ANDROID_EMU_native_sync_v3 ANDROID_EMU_native_sync_v4 ANDROID_EMU_dma_v1 ANDROID_EMU_direct_mem ANDROID_EMU_host_composition_v1 ANDROID_EMU_host_composition_v2 ANDROID_EMU_vulkan ANDROID_EMU_deferred_vulkan_commands ANDROID_EMU_vulkan_null_optional_strings ANDROID_EMU_vulkan_create_resources_with_requirements ANDROID_EMU_YUV_Cache ANDROID_EMU_vulkan_ignored_handles ANDROID_EMU_has_shared_slots_host_memory_allocator ANDROID_EMU_vulkan_free_memory_sync ANDROID_EMU_vulkan_shader_float16_int8 ANDROID_EMU_vulkan_async_queue_submit ANDROID_EMU_vulkan_queue_submit_with_commands ANDROID_EMU_sync_buffer_data ANDROID_EMU_vulkan_async_qsri ANDROID_EMU_read_color_buffer_dma ANDROID_EMU_hwc_multi_configs GL_OES_EGL_image_external_essl3 GL_OES_vertex_array_object ANDROID_EMU_host_side_tracing ANDROID_EMU_gles_max_version_3_0
2025-10-24 10:07:30.237  8190-8247  HostConnection          com.example.MyJD                     D  HostComposition ext ANDROID_EMU_CHECKSUM_HELPER_v1 ANDROID_EMU_native_sync_v2 ANDROID_EMU_native_sync_v3 ANDROID_EMU_native_sync_v4 ANDROID_EMU_dma_v1 ANDROID_EMU_direct_mem ANDROID_EMU_host_composition_v1 ANDROID_EMU_host_composition_v2 ANDROID_EMU_vulkan ANDROID_EMU_deferred_vulkan_commands ANDROID_EMU_vulkan_null_optional_strings ANDROID_EMU_vulkan_create_resources_with_requirements ANDROID_EMU_YUV_Cache ANDROID_EMU_vulkan_ignored_handles ANDROID_EMU_has_shared_slots_host_memory_allocator ANDROID_EMU_vulkan_free_memory_sync ANDROID_EMU_vulkan_shader_float16_int8 ANDROID_EMU_vulkan_async_queue_submit ANDROID_EMU_vulkan_queue_submit_with_commands ANDROID_EMU_sync_buffer_data ANDROID_EMU_vulkan_async_qsri ANDROID_EMU_read_color_buffer_dma ANDROID_EMU_hwc_multi_configs GL_OES_EGL_image_external_essl3 GL_OES_vertex_array_object ANDROID_EMU_host_side_tracing ANDROID_EMU_gles_max_version_3_0
2025-10-24 10:07:30.307  8190-8200  om.example.MyJD         com.example.MyJD                     I  NativeAlloc concurrent copying GC freed 36048(1801KB) AllocSpace objects, 20(428KB) LOS objects, 49% free, 7581KB/14MB, paused 151us,6us total 113.417ms
2025-10-24 10:07:30.309  8190-8248  HostConnection          com.example.MyJD                     D  HostComposition ext ANDROID_EMU_CHECKSUM_HELPER_v1 ANDROID_EMU_native_sync_v2 ANDROID_EMU_native_sync_v3 ANDROID_EMU_native_sync_v4 ANDROID_EMU_dma_v1 ANDROID_EMU_direct_mem ANDROID_EMU_host_composition_v1 ANDROID_EMU_host_composition_v2 ANDROID_EMU_vulkan ANDROID_EMU_deferred_vulkan_commands ANDROID_EMU_vulkan_null_optional_strings ANDROID_EMU_vulkan_create_resources_with_requirements ANDROID_EMU_YUV_Cache ANDROID_EMU_vulkan_ignored_handles ANDROID_EMU_has_shared_slots_host_memory_allocator ANDROID_EMU_vulkan_free_memory_sync ANDROID_EMU_vulkan_shader_float16_int8 ANDROID_EMU_vulkan_async_queue_submit ANDROID_EMU_vulkan_queue_submit_with_commands ANDROID_EMU_sync_buffer_data ANDROID_EMU_vulkan_async_qsri ANDROID_EMU_read_color_buffer_dma ANDROID_EMU_hwc_multi_configs GL_OES_EGL_image_external_essl3 GL_OES_vertex_array_object ANDROID_EMU_host_side_tracing ANDROID_EMU_gles_max_version_3_0
2025-10-24 10:07:30.983  8190-8208  EGL_emulation           com.example.MyJD                     D  app_time_stats: avg=7.93ms min=0.84ms max=46.98ms count=58
2025-10-24 10:07:31.718  8190-8199  om.example.MyJD         com.example.MyJD                     I  Compiler allocated 4257KB to compile void com.example.MyJD.ui.components.OrderSectionKt$OrderSection$1.invoke(androidx.compose.foundation.layout.ColumnScope, androidx.compose.runtime.Composer, int)
2025-10-24 10:07:31.999  8190-8208  EGL_emulation           com.example.MyJD                     D  app_time_stats: avg=33.86ms min=13.90ms max=517.38ms count=30
2025-10-24 10:07:33.100  8190-8208  EGL_emulation           com.example.MyJD                     D  app_time_stats: avg=35.03ms min=2.26ms max=586.13ms count=31
2025-10-24 10:07:34.114  8190-8208  EGL_emulation           com.example.MyJD                     D  app_time_stats: avg=25.98ms min=9.77ms max=300.85ms count=39
2025-10-24 10:07:34.934  8190-8190  Compatibil...geReporter com.example.MyJD                     D  Compat change id reported: 171228096; UID 10176; state: ENABLED
2025-10-24 10:07:35.115  8190-8208  EGL_emulation           com.example.MyJD                     D  app_time_stats: avg=18.95ms min=1.64ms max=251.18ms count=46
---------------------------- PROCESS ENDED (8190) for package com.example.MyJD ----------------------------
