---------------------------- PROCESS STARTED (12507) for package com.example.MyJD ----------------------------
2025-10-20 00:44:54.885 12507-12507 ziparchive              com.example.MyJD                     W  Unable to open '/data/app/~~NYHx7mRy0MfsBrI3EXxByQ==/com.example.MyJD-Y842p_XGEBymZw18HvU1xg==/base.dm': No such file or directory
2025-10-20 00:44:54.885 12507-12507 ziparchive              com.example.MyJD                     W  Unable to open '/data/app/~~NYHx7mRy0MfsBrI3EXxByQ==/com.example.MyJD-Y842p_XGEBymZw18HvU1xg==/base.dm': No such file or directory
2025-10-20 00:44:55.240 12507-12507 nativeloader            com.example.MyJD                     D  Configuring classloader-namespace for other apk /data/app/~~NYHx7mRy0MfsBrI3EXxByQ==/com.example.MyJD-Y842p_XGEBymZw18HvU1xg==/base.apk. target_sdk_version=33, uses_libraries=, library_path=/data/app/~~NYHx7mRy0MfsBrI3EXxByQ==/com.example.MyJD-Y842p_XGEBymZw18HvU1xg==/lib/arm64:/data/app/~~NYHx7mRy0MfsBrI3EXxByQ==/com.example.MyJD-Y842p_XGEBymZw18HvU1xg==/base.apk!/lib/arm64-v8a, permitted_path=/data:/mnt/expand:/data/user/0/com.example.MyJD
2025-10-20 00:44:55.286 12507-12507 GraphicsEnvironment     com.example.MyJD                     V  ANGLE Developer option for 'com.example.MyJD' set to: 'default'
2025-10-20 00:44:55.286 12507-12507 GraphicsEnvironment     com.example.MyJD                     V  ANGLE GameManagerService for com.example.MyJD: false
2025-10-20 00:44:55.287 12507-12507 GraphicsEnvironment     com.example.MyJD                     V  Neither updatable production driver nor prerelease driver is supported.
2025-10-20 00:44:55.293 12507-12507 NetworkSecurityConfig   com.example.MyJD                     D  No Network Security Config specified, using platform default
2025-10-20 00:44:55.296 12507-12507 NetworkSecurityConfig   com.example.MyJD                     D  No Network Security Config specified, using platform default
2025-10-20 00:44:55.426 12507-12528 libEGL                  com.example.MyJD                     D  loaded /vendor/lib64/egl/libEGL_emulation.so
2025-10-20 00:44:55.431 12507-12528 libEGL                  com.example.MyJD                     D  loaded /vendor/lib64/egl/libGLESv1_CM_emulation.so
2025-10-20 00:44:55.433 12507-12528 libEGL                  com.example.MyJD                     D  loaded /vendor/lib64/egl/libGLESv2_emulation.so
2025-10-20 00:44:55.440 12507-12507 Compatibil...geReporter com.example.MyJD                     D  Compat change id reported: 237531167; UID 10176; state: DISABLED
2025-10-20 00:44:55.449 12507-12526 Parcel                  com.example.MyJD                     W  Expecting binder but got null!
2025-10-20 00:44:56.273 12507-12507 om.example.MyJD         com.example.MyJD                     W  Verification of void androidx.compose.ui.platform.GraphicsLayerOwnerLayer.clipManually(androidx.compose.ui.graphics.Canvas) took 161.583ms (495.10 bytecodes/s) (3304B approximate peak alloc)
2025-10-20 00:44:56.370 12507-12526 HostConnection          com.example.MyJD                     D  HostComposition ext ANDROID_EMU_CHECKSUM_HELPER_v1 ANDROID_EMU_native_sync_v2 ANDROID_EMU_native_sync_v3 ANDROID_EMU_native_sync_v4 ANDROID_EMU_dma_v1 ANDROID_EMU_direct_mem ANDROID_EMU_host_composition_v1 ANDROID_EMU_host_composition_v2 ANDROID_EMU_vulkan ANDROID_EMU_deferred_vulkan_commands ANDROID_EMU_vulkan_null_optional_strings ANDROID_EMU_vulkan_create_resources_with_requirements ANDROID_EMU_YUV_Cache ANDROID_EMU_vulkan_ignored_handles ANDROID_EMU_has_shared_slots_host_memory_allocator ANDROID_EMU_vulkan_free_memory_sync ANDROID_EMU_vulkan_shader_float16_int8 ANDROID_EMU_vulkan_async_queue_submit ANDROID_EMU_vulkan_queue_submit_with_commands ANDROID_EMU_sync_buffer_data ANDROID_EMU_vulkan_async_qsri ANDROID_EMU_read_color_buffer_dma ANDROID_EMU_hwc_multi_configs GL_OES_EGL_image_external_essl3 GL_OES_vertex_array_object ANDROID_EMU_host_side_tracing ANDROID_EMU_gles_max_version_3_0
2025-10-20 00:44:56.385 12507-12526 OpenGLRenderer          com.example.MyJD                     W  Failed to choose config with EGL_SWAP_BEHAVIOR_PRESERVED, retrying without...
2025-10-20 00:44:56.385 12507-12526 OpenGLRenderer          com.example.MyJD                     W  Failed to initialize 101010-2 format, error = EGL_SUCCESS
2025-10-20 00:44:56.411 12507-12526 EGL_emulation           com.example.MyJD                     D  eglCreateContext: 0xb40000727cebee10: maj 3 min 0 rcv 3
2025-10-20 00:44:56.439 12507-12526 EGL_emulation           com.example.MyJD                     D  eglMakeCurrent: 0xb40000727cebee10: ver 3 0 (tinfo 0x7491c6c080) (first time)
2025-10-20 00:44:56.538 12507-12526 Gralloc4                com.example.MyJD                     I  mapper 4.x is not supported
2025-10-20 00:44:56.560 12507-12526 Gralloc4                com.example.MyJD                     W  allocator 4.x is not supported
2025-10-20 00:44:56.584 12507-12526 HostConnection          com.example.MyJD                     D  HostComposition ext ANDROID_EMU_CHECKSUM_HELPER_v1 ANDROID_EMU_native_sync_v2 ANDROID_EMU_native_sync_v3 ANDROID_EMU_native_sync_v4 ANDROID_EMU_dma_v1 ANDROID_EMU_direct_mem ANDROID_EMU_host_composition_v1 ANDROID_EMU_host_composition_v2 ANDROID_EMU_vulkan ANDROID_EMU_deferred_vulkan_commands ANDROID_EMU_vulkan_null_optional_strings ANDROID_EMU_vulkan_create_resources_with_requirements ANDROID_EMU_YUV_Cache ANDROID_EMU_vulkan_ignored_handles ANDROID_EMU_has_shared_slots_host_memory_allocator ANDROID_EMU_vulkan_free_memory_sync ANDROID_EMU_vulkan_shader_float16_int8 ANDROID_EMU_vulkan_async_queue_submit ANDROID_EMU_vulkan_queue_submit_with_commands ANDROID_EMU_sync_buffer_data ANDROID_EMU_vulkan_async_qsri ANDROID_EMU_read_color_buffer_dma ANDROID_EMU_hwc_multi_configs GL_OES_EGL_image_external_essl3 GL_OES_vertex_array_object ANDROID_EMU_host_side_tracing ANDROID_EMU_gles_max_version_3_0
2025-10-20 00:44:56.585 12507-12526 OpenGLRenderer          com.example.MyJD                     E  Unable to match the desired swap behavior.
2025-10-20 00:44:56.979 12507-12522 OpenGLRenderer          com.example.MyJD                     I  Davey! duration=1644ms; Flags=1, FrameTimelineVsyncId=16823624, IntendedVsync=39019486015832, Vsync=39019602682494, InputEventId=0, HandleInputStart=39019614106728, AnimationStart=39019614108103, PerformTraversalsStart=39019614230186, DrawStart=39020749342562, FrameDeadline=39019502682498, FrameInterval=39019614087103, FrameStartTime=16666666, SyncQueued=39020786325104, SyncStart=39020788107479, IssueDrawCommandsStart=39020788255145, SwapBuffers=39021087428979, FrameCompleted=39021132395729, DequeueBufferDuration=4583, QueueBufferDuration=516750, GpuCompleted=39021132338104, SwapBuffersCompleted=39021132395729, DisplayPresentTime=0, CommandSubmissionCompleted=39021087428979,
2025-10-20 00:44:56.986 12507-12507 MainActivity            com.example.MyJD                     D  Cart count updated via StateFlow: 0
2025-10-20 00:44:56.996 12507-12507 Choreographer           com.example.MyJD                     I  Skipped 89 frames!  The application may be doing too much work on its main thread.
2025-10-20 00:44:57.142 12507-12522 OpenGLRenderer          com.example.MyJD                     I  Davey! duration=1612ms; Flags=0, FrameTimelineVsyncId=16823733, IntendedVsync=39019669349158, Vsync=39021152682432, InputEventId=0, HandleInputStart=39021156317729, AnimationStart=39021156319312, PerformTraversalsStart=39021269888104, DrawStart=39021270814895, FrameDeadline=39021152682432, FrameInterval=39021156210395, FrameStartTime=16666666, SyncQueued=39021278140979, SyncStart=39021278401895, IssueDrawCommandsStart=39021278732562, SwapBuffers=39021279520479, FrameCompleted=39021281705937, DequeueBufferDuration=10458, QueueBufferDuration=580667, GpuCompleted=39021281626645, SwapBuffersCompleted=39021281705937, DisplayPresentTime=-5476376661551218688, CommandSubmissionCompleted=39021279520479,
2025-10-20 00:45:00.394 12507-12526 EGL_emulation           com.example.MyJD                     D  app_time_stats: avg=425.40ms min=9.15ms max=2812.72ms count=8
2025-10-20 00:45:01.338 12507-12542 ProfileInstaller        com.example.MyJD                     D  Installing profile for com.example.MyJD
2025-10-20 00:45:03.813 12507-12526 EGL_emulation           com.example.MyJD                     D  app_time_stats: avg=188.93ms min=1.85ms max=3152.58ms count=17
2025-10-20 00:45:07.225 12507-12526 EGL_emulation           com.example.MyJD                     D  app_time_stats: avg=189.57ms min=1.11ms max=3146.48ms count=17
2025-10-20 00:45:07.301 12507-12517 om.example.MyJD         com.example.MyJD                     I  Compiler allocated 4413KB to compile void android.view.ViewRootImpl.performTraversals()
2025-10-20 00:45:07.423 12507-12518 om.example.MyJD         com.example.MyJD                     I  Background concurrent copying GC freed 58988(3557KB) AllocSpace objects, 7(128KB) LOS objects, 49% free, 5464KB/10MB, paused 50us,14us total 224.712ms
2025-10-20 00:45:10.609 12507-12526 EGL_emulation           com.example.MyJD                     D  app_time_stats: avg=257.68ms min=6.56ms max=3177.99ms count=13
2025-10-20 00:45:13.047 12507-12507 OnBackInvokedCallback   com.example.MyJD                     W  OnBackInvokedCallback is not enabled for the application.
                                                                                                    Set 'android:enableOnBackInvokedCallback="true"' in the application manifest.
2025-10-20 00:45:13.116 12507-12551 HostConnection          com.example.MyJD                     D  HostComposition ext ANDROID_EMU_CHECKSUM_HELPER_v1 ANDROID_EMU_native_sync_v2 ANDROID_EMU_native_sync_v3 ANDROID_EMU_native_sync_v4 ANDROID_EMU_dma_v1 ANDROID_EMU_direct_mem ANDROID_EMU_host_composition_v1 ANDROID_EMU_host_composition_v2 ANDROID_EMU_vulkan ANDROID_EMU_deferred_vulkan_commands ANDROID_EMU_vulkan_null_optional_strings ANDROID_EMU_vulkan_create_resources_with_requirements ANDROID_EMU_YUV_Cache ANDROID_EMU_vulkan_ignored_handles ANDROID_EMU_has_shared_slots_host_memory_allocator ANDROID_EMU_vulkan_free_memory_sync ANDROID_EMU_vulkan_shader_float16_int8 ANDROID_EMU_vulkan_async_queue_submit ANDROID_EMU_vulkan_queue_submit_with_commands ANDROID_EMU_sync_buffer_data ANDROID_EMU_vulkan_async_qsri ANDROID_EMU_read_color_buffer_dma ANDROID_EMU_hwc_multi_configs GL_OES_EGL_image_external_essl3 GL_OES_vertex_array_object ANDROID_EMU_host_side_tracing ANDROID_EMU_gles_max_version_3_0
2025-10-20 00:45:13.117 12507-12551 OpenGLRenderer          com.example.MyJD                     W  Failed to choose config with EGL_SWAP_BEHAVIOR_PRESERVED, retrying without...
2025-10-20 00:45:13.117 12507-12551 OpenGLRenderer          com.example.MyJD                     W  Failed to initialize 101010-2 format, error = EGL_SUCCESS
2025-10-20 00:45:13.119 12507-12551 EGL_emulation           com.example.MyJD                     D  eglCreateContext: 0xb40000727cecba10: maj 3 min 0 rcv 3
2025-10-20 00:45:13.122 12507-12551 EGL_emulation           com.example.MyJD                     D  eglMakeCurrent: 0xb40000727cecba10: ver 3 0 (tinfo 0x7491c6c100) (first time)
2025-10-20 00:45:13.132 12507-12548 HostConnection          com.example.MyJD                     D  HostComposition ext ANDROID_EMU_CHECKSUM_HELPER_v1 ANDROID_EMU_native_sync_v2 ANDROID_EMU_native_sync_v3 ANDROID_EMU_native_sync_v4 ANDROID_EMU_dma_v1 ANDROID_EMU_direct_mem ANDROID_EMU_host_composition_v1 ANDROID_EMU_host_composition_v2 ANDROID_EMU_vulkan ANDROID_EMU_deferred_vulkan_commands ANDROID_EMU_vulkan_null_optional_strings ANDROID_EMU_vulkan_create_resources_with_requirements ANDROID_EMU_YUV_Cache ANDROID_EMU_vulkan_ignored_handles ANDROID_EMU_has_shared_slots_host_memory_allocator ANDROID_EMU_vulkan_free_memory_sync ANDROID_EMU_vulkan_shader_float16_int8 ANDROID_EMU_vulkan_async_queue_submit ANDROID_EMU_vulkan_queue_submit_with_commands ANDROID_EMU_sync_buffer_data ANDROID_EMU_vulkan_async_qsri ANDROID_EMU_read_color_buffer_dma ANDROID_EMU_hwc_multi_configs GL_OES_EGL_image_external_essl3 GL_OES_vertex_array_object ANDROID_EMU_host_side_tracing ANDROID_EMU_gles_max_version_3_0
2025-10-20 00:45:13.132 12507-12533 HostConnection          com.example.MyJD                     D  HostComposition ext ANDROID_EMU_CHECKSUM_HELPER_v1 ANDROID_EMU_native_sync_v2 ANDROID_EMU_native_sync_v3 ANDROID_EMU_native_sync_v4 ANDROID_EMU_dma_v1 ANDROID_EMU_direct_mem ANDROID_EMU_host_composition_v1 ANDROID_EMU_host_composition_v2 ANDROID_EMU_vulkan ANDROID_EMU_deferred_vulkan_commands ANDROID_EMU_vulkan_null_optional_strings ANDROID_EMU_vulkan_create_resources_with_requirements ANDROID_EMU_YUV_Cache ANDROID_EMU_vulkan_ignored_handles ANDROID_EMU_has_shared_slots_host_memory_allocator ANDROID_EMU_vulkan_free_memory_sync ANDROID_EMU_vulkan_shader_float16_int8 ANDROID_EMU_vulkan_async_queue_submit ANDROID_EMU_vulkan_queue_submit_with_commands ANDROID_EMU_sync_buffer_data ANDROID_EMU_vulkan_async_qsri ANDROID_EMU_read_color_buffer_dma ANDROID_EMU_hwc_multi_configs GL_OES_EGL_image_external_essl3 GL_OES_vertex_array_object ANDROID_EMU_host_side_tracing ANDROID_EMU_gles_max_version_3_0
2025-10-20 00:45:13.148 12507-12532 HostConnection          com.example.MyJD                     D  HostComposition ext ANDROID_EMU_CHECKSUM_HELPER_v1 ANDROID_EMU_native_sync_v2 ANDROID_EMU_native_sync_v3 ANDROID_EMU_native_sync_v4 ANDROID_EMU_dma_v1 ANDROID_EMU_direct_mem ANDROID_EMU_host_composition_v1 ANDROID_EMU_host_composition_v2 ANDROID_EMU_vulkan ANDROID_EMU_deferred_vulkan_commands ANDROID_EMU_vulkan_null_optional_strings ANDROID_EMU_vulkan_create_resources_with_requirements ANDROID_EMU_YUV_Cache ANDROID_EMU_vulkan_ignored_handles ANDROID_EMU_has_shared_slots_host_memory_allocator ANDROID_EMU_vulkan_free_memory_sync ANDROID_EMU_vulkan_shader_float16_int8 ANDROID_EMU_vulkan_async_queue_submit ANDROID_EMU_vulkan_queue_submit_with_commands ANDROID_EMU_sync_buffer_data ANDROID_EMU_vulkan_async_qsri ANDROID_EMU_read_color_buffer_dma ANDROID_EMU_hwc_multi_configs GL_OES_EGL_image_external_essl3 GL_OES_vertex_array_object ANDROID_EMU_host_side_tracing ANDROID_EMU_gles_max_version_3_0
2025-10-20 00:45:13.151 12507-12547 HostConnection          com.example.MyJD                     D  HostComposition ext ANDROID_EMU_CHECKSUM_HELPER_v1 ANDROID_EMU_native_sync_v2 ANDROID_EMU_native_sync_v3 ANDROID_EMU_native_sync_v4 ANDROID_EMU_dma_v1 ANDROID_EMU_direct_mem ANDROID_EMU_host_composition_v1 ANDROID_EMU_host_composition_v2 ANDROID_EMU_vulkan ANDROID_EMU_deferred_vulkan_commands ANDROID_EMU_vulkan_null_optional_strings ANDROID_EMU_vulkan_create_resources_with_requirements ANDROID_EMU_YUV_Cache ANDROID_EMU_vulkan_ignored_handles ANDROID_EMU_has_shared_slots_host_memory_allocator ANDROID_EMU_vulkan_free_memory_sync ANDROID_EMU_vulkan_shader_float16_int8 ANDROID_EMU_vulkan_async_queue_submit ANDROID_EMU_vulkan_queue_submit_with_commands ANDROID_EMU_sync_buffer_data ANDROID_EMU_vulkan_async_qsri ANDROID_EMU_read_color_buffer_dma ANDROID_EMU_hwc_multi_configs GL_OES_EGL_image_external_essl3 GL_OES_vertex_array_object ANDROID_EMU_host_side_tracing ANDROID_EMU_gles_max_version_3_0
2025-10-20 00:45:13.162 12507-12531 HostConnection          com.example.MyJD                     D  HostComposition ext ANDROID_EMU_CHECKSUM_HELPER_v1 ANDROID_EMU_native_sync_v2 ANDROID_EMU_native_sync_v3 ANDROID_EMU_native_sync_v4 ANDROID_EMU_dma_v1 ANDROID_EMU_direct_mem ANDROID_EMU_host_composition_v1 ANDROID_EMU_host_composition_v2 ANDROID_EMU_vulkan ANDROID_EMU_deferred_vulkan_commands ANDROID_EMU_vulkan_null_optional_strings ANDROID_EMU_vulkan_create_resources_with_requirements ANDROID_EMU_YUV_Cache ANDROID_EMU_vulkan_ignored_handles ANDROID_EMU_has_shared_slots_host_memory_allocator ANDROID_EMU_vulkan_free_memory_sync ANDROID_EMU_vulkan_shader_float16_int8 ANDROID_EMU_vulkan_async_queue_submit ANDROID_EMU_vulkan_queue_submit_with_commands ANDROID_EMU_sync_buffer_data ANDROID_EMU_vulkan_async_qsri ANDROID_EMU_read_color_buffer_dma ANDROID_EMU_hwc_multi_configs GL_OES_EGL_image_external_essl3 GL_OES_vertex_array_object ANDROID_EMU_host_side_tracing ANDROID_EMU_gles_max_version_3_0
2025-10-20 00:45:13.182 12507-12526 EGL_emulation           com.example.MyJD                     D  app_time_stats: avg=147.57ms min=1.18ms max=2320.26ms count=16
2025-10-20 00:45:13.216 12507-12550 HostConnection          com.example.MyJD                     D  HostComposition ext ANDROID_EMU_CHECKSUM_HELPER_v1 ANDROID_EMU_native_sync_v2 ANDROID_EMU_native_sync_v3 ANDROID_EMU_native_sync_v4 ANDROID_EMU_dma_v1 ANDROID_EMU_direct_mem ANDROID_EMU_host_composition_v1 ANDROID_EMU_host_composition_v2 ANDROID_EMU_vulkan ANDROID_EMU_deferred_vulkan_commands ANDROID_EMU_vulkan_null_optional_strings ANDROID_EMU_vulkan_create_resources_with_requirements ANDROID_EMU_YUV_Cache ANDROID_EMU_vulkan_ignored_handles ANDROID_EMU_has_shared_slots_host_memory_allocator ANDROID_EMU_vulkan_free_memory_sync ANDROID_EMU_vulkan_shader_float16_int8 ANDROID_EMU_vulkan_async_queue_submit ANDROID_EMU_vulkan_queue_submit_with_commands ANDROID_EMU_sync_buffer_data ANDROID_EMU_vulkan_async_qsri ANDROID_EMU_read_color_buffer_dma ANDROID_EMU_hwc_multi_configs GL_OES_EGL_image_external_essl3 GL_OES_vertex_array_object ANDROID_EMU_host_side_tracing ANDROID_EMU_gles_max_version_3_0
2025-10-20 00:45:13.245 12507-12518 om.example.MyJD         com.example.MyJD                     I  NativeAlloc concurrent copying GC freed 33148(1694KB) AllocSpace objects, 24(508KB) LOS objects, 49% free, 7330KB/14MB, paused 189us,6us total 106.114ms
2025-10-20 00:45:14.857 12507-12526 EGL_emulation           com.example.MyJD                     D  app_time_stats: avg=28.59ms min=1.06ms max=978.87ms count=42
2025-10-20 00:45:14.899 12507-12517 om.example.MyJD         com.example.MyJD                     I  Compiler allocated 4257KB to compile void com.example.MyJD.ui.components.OrderSectionKt$OrderSection$1.invoke(androidx.compose.foundation.layout.ColumnScope, androidx.compose.runtime.Composer, int)
2025-10-20 00:45:17.457 12507-12526 EGL_emulation           com.example.MyJD                     D  app_time_stats: avg=50.98ms min=7.27ms max=1760.56ms count=51
2025-10-20 00:45:17.486 12507-12507 OnBackInvokedCallback   com.example.MyJD                     W  OnBackInvokedCallback is not enabled for the application.
                                                                                                    Set 'android:enableOnBackInvokedCallback="true"' in the application manifest.
2025-10-20 00:45:19.115 12507-12526 EGL_emulation           com.example.MyJD                     D  app_time_stats: avg=38.53ms min=8.08ms max=867.35ms count=43
2025-10-20 00:45:19.199 12507-12507 OnBackInvokedCallback   com.example.MyJD                     W  OnBackInvokedCallback is not enabled for the application.
                                                                                                    Set 'android:enableOnBackInvokedCallback="true"' in the application manifest.
2025-10-20 00:45:19.202 12507-12526 Parcel                  com.example.MyJD                     W  Expecting binder but got null!
2025-10-20 00:45:19.245 12507-12526 OpenGLRenderer          com.example.MyJD                     E  Unable to match the desired swap behavior.
2025-10-20 00:45:20.616 12507-12526 EGL_emulation           com.example.MyJD                     D  app_time_stats: avg=113.47ms min=1.73ms max=1105.13ms count=11
2025-10-20 00:45:20.677 12507-12507 ProductSpecViewModel    com.example.MyJD                     D  Attempting to add item to cart...
2025-10-20 00:45:20.677 12507-12507 ProductSpecViewModel    com.example.MyJD                     D  Cart before adding: 0 items
2025-10-20 00:45:20.677 12507-12507 DataRepository          com.example.MyJD                     D  Adding to cart: CartItemSpec(id=iphone15_001_1760892320676, productId=iphone15_001, productName=Apple/苹果 iPhone 15 (A3092) 128GB, series=iPhone 15, color=蓝色, storage=128GB, image=image/iPhone15图3.JPG, price=3799.0, originalPrice=3899.0, quantity=1, selected=true, promotionTags=[政府补贴已减100, 国家贴息 12期免息], subsidyInfo=比加入时降¥100, storeName=Apple产品京东自营旗舰店, storeTag=自营)
2025-10-20 00:45:20.677 12507-12507 DataRepository          com.example.MyJD                     D  Current cart size: 0
2025-10-20 00:45:20.677 12507-12507 DataRepository          com.example.MyJD                     D  Added new item to cart
2025-10-20 00:45:20.677 12507-12507 DataRepository          com.example.MyJD                     D  StateFlows updated - Cart items: 1, Total count: 1
2025-10-20 00:45:20.677 12507-12507 DataRepository          com.example.MyJD                     D  New cart size: 1
2025-10-20 00:45:20.678 12507-12507 DataRepository          com.example.MyJD                     D  Cart items: [Apple/苹果 iPhone 15 (A3092) 128GB - 1]
2025-10-20 00:45:20.678 12507-12507 ProductSpecViewModel    com.example.MyJD                     D  Item added to cart: CartItemSpec(id=iphone15_001_1760892320676, productId=iphone15_001, productName=Apple/苹果 iPhone 15 (A3092) 128GB, series=iPhone 15, color=蓝色, storage=128GB, image=image/iPhone15图3.JPG, price=3799.0, originalPrice=3899.0, quantity=1, selected=true, promotionTags=[政府补贴已减100, 国家贴息 12期免息], subsidyInfo=比加入时降¥100, storeName=Apple产品京东自营旗舰店, storeTag=自营)
2025-10-20 00:45:20.678 12507-12507 ProductSpecViewModel    com.example.MyJD                     D  Cart after adding: 1 items
2025-10-20 00:45:20.678 12507-12507 ProductSpecViewModel    com.example.MyJD                     D  All cart items: [Apple/苹果 iPhone 15 (A3092) 128GB x1]
2025-10-20 00:45:20.681 12507-12507 Compatibil...geReporter com.example.MyJD                     D  Compat change id reported: 147798919; UID 10176; state: ENABLED
2025-10-20 00:45:20.700 12507-12526 OpenGLRenderer          com.example.MyJD                     D  endAllActiveAnimators on 0xb4000072fcf586a0 (UnprojectedRipple) with handle 0xb40000720cf0e4b0
2025-10-20 00:45:20.717 12507-12526 EGL_emulation           com.example.MyJD                     D  app_time_stats: avg=36.39ms min=13.10ms max=703.44ms count=44
2025-10-20 00:45:22.067 12507-12526 EGL_emulation           com.example.MyJD                     D  app_time_stats: avg=1349.55ms min=1349.55ms max=1349.55ms count=1
2025-10-20 00:45:22.202 12507-12507 CartScreen              com.example.MyJD                     D  Cart data updated via StateFlow: 0 items
2025-10-20 00:45:24.651 12507-12526 EGL_emulation           com.example.MyJD                     D  app_time_stats: avg=46.97ms min=10.63ms max=1687.46ms count=55
2025-10-20 00:45:24.811 12507-12517 om.example.MyJD         com.example.MyJD                     I  Compiler allocated 9753KB to compile void com.example.MyJD.ui.components.UserHeaderKt.UserHeader(java.lang.String, java.lang.String, java.lang.String, boolean, java.lang.String, java.lang.String, java.util.List, kotlin.jvm.functions.Function1, kotlin.jvm.functions.Function0, androidx.compose.runtime.Composer, int, int)
2025-10-20 00:45:25.585 12507-12507 CartScreen              com.example.MyJD                     D  Cart data updated via StateFlow: 0 items
2025-10-20 00:45:25.665 12507-12526 EGL_emulation           com.example.MyJD                     D  app_time_stats: avg=16.61ms min=9.91ms max=24.53ms count=61
2025-10-20 00:45:26.765 12507-12526 EGL_emulation           com.example.MyJD                     D  app_time_stats: avg=26.19ms min=7.64ms max=421.18ms count=42
2025-10-20 00:45:27.981 12507-12526 EGL_emulation           com.example.MyJD                     D  app_time_stats: avg=10.68ms min=1.23ms max=302.29ms count=55
2025-10-20 00:45:34.058 12507-12526 EGL_emulation           com.example.MyJD                     D  app_time_stats: avg=106.60ms min=12.70ms max=5143.96ms count=57
2025-10-20 00:45:34.135 12507-12507 NavController           com.example.MyJD                     I  Ignoring popBackStack to route home as it was not found on the current back stack
2025-10-20 00:45:34.166 12507-12507 OnBackInvokedCallback   com.example.MyJD                     W  OnBackInvokedCallback is not enabled for the application.
                                                                                                    Set 'android:enableOnBackInvokedCallback="true"' in the application manifest.
2025-10-20 00:45:34.178 12507-12507 CartScreen              com.example.MyJD                     D  Cart data updated via StateFlow: 0 items
2025-10-20 00:45:36.717 12507-12507 NavController           com.example.MyJD                     I  Ignoring popBackStack to route home as it was not found on the current back stack
2025-10-20 00:45:36.772 12507-12526 EGL_emulation           com.example.MyJD                     D  app_time_stats: avg=48.94ms min=1.67ms max=1825.39ms count=54
2025-10-20 00:45:38.943 12507-12526 EGL_emulation           com.example.MyJD                     D  app_time_stats: avg=49.34ms min=9.28ms max=1412.27ms count=44
2025-10-20 00:45:40.327 12507-12507 OnBackInvokedCallback   com.example.MyJD                     W  OnBackInvokedCallback is not enabled for the application.
                                                                                                    Set 'android:enableOnBackInvokedCallback="true"' in the application manifest.
2025-10-20 00:45:40.329 12507-12526 Parcel                  com.example.MyJD                     W  Expecting binder but got null!
2025-10-20 00:45:40.341 12507-12526 EGL_emulation           com.example.MyJD                     D  app_time_stats: avg=18.11ms min=1.50ms max=664.37ms count=44
2025-10-20 00:45:40.368 12507-12526 OpenGLRenderer          com.example.MyJD                     E  Unable to match the desired swap behavior.
2025-10-20 00:45:42.183 12507-12526 EGL_emulation           com.example.MyJD                     D  app_time_stats: avg=599.89ms min=4.46ms max=1738.53ms count=3
2025-10-20 00:45:43.197 12507-12526 EGL_emulation           com.example.MyJD                     D  app_time_stats: avg=18.12ms min=8.70ms max=87.06ms count=56
2025-10-20 00:45:44.213 12507-12526 EGL_emulation           com.example.MyJD                     D  app_time_stats: avg=16.63ms min=13.77ms max=20.37ms count=61
2025-10-20 00:45:46.036 12507-12526 EGL_emulation           com.example.MyJD                     D  app_time_stats: avg=50.64ms min=14.71ms max=1237.95ms count=36
2025-10-20 00:45:47.033 12507-12507 ProductSpecViewModel    com.example.MyJD                     D  Attempting to add item to cart...
2025-10-20 00:45:47.034 12507-12507 ProductSpecViewModel    com.example.MyJD                     D  Cart before adding: 0 items
2025-10-20 00:45:47.034 12507-12507 DataRepository          com.example.MyJD                     D  Adding to cart: CartItemSpec(id=iphone15_001_1760892347033, productId=iphone15_001, productName=Apple/苹果 iPhone 15 (A3092) 256GB, series=iPhone 15, color=蓝色, storage=256GB, image=image/iPhone15图3.JPG, price=3799.0, originalPrice=3899.0, quantity=1, selected=true, promotionTags=[政府补贴已减100, 国家贴息 12期免息], subsidyInfo=比加入时降¥100, storeName=Apple产品京东自营旗舰店, storeTag=自营)
2025-10-20 00:45:47.034 12507-12507 DataRepository          com.example.MyJD                     D  Current cart size: 0
2025-10-20 00:45:47.034 12507-12507 DataRepository          com.example.MyJD                     D  Added new item to cart
2025-10-20 00:45:47.034 12507-12507 DataRepository          com.example.MyJD                     D  StateFlows updated - Cart items: 1, Total count: 1
2025-10-20 00:45:47.034 12507-12507 DataRepository          com.example.MyJD                     D  New cart size: 1
2025-10-20 00:45:47.034 12507-12507 DataRepository          com.example.MyJD                     D  Cart items: [Apple/苹果 iPhone 15 (A3092) 256GB - 1]
2025-10-20 00:45:47.034 12507-12507 ProductSpecViewModel    com.example.MyJD                     D  Item added to cart: CartItemSpec(id=iphone15_001_1760892347033, productId=iphone15_001, productName=Apple/苹果 iPhone 15 (A3092) 256GB, series=iPhone 15, color=蓝色, storage=256GB, image=image/iPhone15图3.JPG, price=3799.0, originalPrice=3899.0, quantity=1, selected=true, promotionTags=[政府补贴已减100, 国家贴息 12期免息], subsidyInfo=比加入时降¥100, storeName=Apple产品京东自营旗舰店, storeTag=自营)
2025-10-20 00:45:47.034 12507-12507 ProductSpecViewModel    com.example.MyJD                     D  Cart after adding: 1 items
2025-10-20 00:45:47.034 12507-12507 ProductSpecViewModel    com.example.MyJD                     D  All cart items: [Apple/苹果 iPhone 15 (A3092) 256GB x1]
2025-10-20 00:45:47.048 12507-12526 EGL_emulation           com.example.MyJD                     D  app_time_stats: avg=17.45ms min=5.28ms max=71.51ms count=58
2025-10-20 00:45:47.094 12507-12526 OpenGLRenderer          com.example.MyJD                     D  endAllActiveAnimators on 0xb4000072fcfef4b0 (UnprojectedRipple) with handle 0xb40000720cf105b0
2025-10-20 00:45:47.116 12507-12526 EGL_emulation           com.example.MyJD                     D  app_time_stats: avg=135.50ms min=8.43ms max=5921.12ms count=50
2025-10-20 00:45:54.197 12507-12526 EGL_emulation           com.example.MyJD                     D  app_time_stats: avg=7080.85ms min=7080.85ms max=7080.85ms count=1
2025-10-20 00:45:55.198 12507-12526 EGL_emulation           com.example.MyJD                     D  app_time_stats: avg=3.72ms min=1.24ms max=29.41ms count=60
2025-10-20 00:45:55.909 12507-12507 CartScreen              com.example.MyJD                     D  Cart data updated via StateFlow: 0 items
2025-10-20 00:45:56.212 12507-12526 EGL_emulation           com.example.MyJD                     D  app_time_stats: avg=16.30ms min=1.40ms max=252.63ms count=46
2025-10-20 00:45:58.155 12507-12526 EGL_emulation           com.example.MyJD                     D  app_time_stats: avg=69.40ms min=10.20ms max=1494.18ms count=28
2025-10-20 00:45:59.164 12507-12526 EGL_emulation           com.example.MyJD                     D  app_time_stats: avg=14.31ms min=1.37ms max=19.78ms count=61
2025-10-20 00:46:00.164 12507-12526 EGL_emulation           com.example.MyJD                     D  app_time_stats: avg=16.66ms min=12.76ms max=20.69ms count=60
2025-10-20 00:46:02.206 12507-12526 EGL_emulation           com.example.MyJD                     D  app_time_stats: avg=120.12ms min=13.69ms max=1777.31ms count=17
2025-10-20 00:46:02.346 12507-12517 om.example.MyJD         com.example.MyJD                     I  Compiler allocated 4257KB to compile void com.example.MyJD.ui.components.OrderSectionKt$OrderSection$1.invoke(androidx.compose.foundation.layout.ColumnScope, androidx.compose.runtime.Composer, int)
2025-10-20 00:46:09.411 12507-12526 EGL_emulation           com.example.MyJD                     D  app_time_stats: avg=133.40ms min=8.36ms max=6332.74ms count=54
2025-10-20 00:46:11.349 12507-12526 EGL_emulation           com.example.MyJD                     D  app_time_stats: avg=64.97ms min=1.39ms max=1454.23ms count=26
2025-10-20 00:46:13.330 12507-12526 EGL_emulation           com.example.MyJD                     D  app_time_stats: avg=30.66ms min=1.43ms max=1178.68ms count=45
2025-10-20 00:46:13.440 12507-12517 om.example.MyJD         com.example.MyJD                     I  Compiler allocated 9753KB to compile void com.example.MyJD.ui.components.UserHeaderKt.UserHeader(java.lang.String, java.lang.String, java.lang.String, boolean, java.lang.String, java.lang.String, java.util.List, kotlin.jvm.functions.Function1, kotlin.jvm.functions.Function0, androidx.compose.runtime.Composer, int, int)
2025-10-20 00:46:14.817 12507-12526 EGL_emulation           com.example.MyJD                     D  app_time_stats: avg=29.15ms min=9.44ms max=635.63ms count=51
2025-10-20 00:46:16.232 12507-12526 EGL_emulation           com.example.MyJD                     D  app_time_stats: avg=39.31ms min=12.92ms max=686.73ms count=36
2025-10-20 00:46:16.350 12507-12507 CartScreen              com.example.MyJD                     D  Cart data updated via StateFlow: 0 items
2025-10-20 00:46:17.433 12507-12526 EGL_emulation           com.example.MyJD                     D  app_time_stats: avg=22.64ms min=10.87ms max=319.13ms count=53
2025-10-20 00:46:20.074 12507-12526 EGL_emulation           com.example.MyJD                     D  app_time_stats: avg=47.15ms min=13.12ms max=1729.51ms count=56
2025-10-20 00:46:20.138 12507-12507 OnBackInvokedCallback   com.example.MyJD                     W  OnBackInvokedCallback is not enabled for the application.
                                                                                                    Set 'android:enableOnBackInvokedCallback="true"' in the application manifest.
2025-10-20 00:46:20.153 12507-12507 CartScreen              com.example.MyJD                     D  Cart data updated via StateFlow: 0 items
2025-10-20 00:46:31.377 12507-12526 EGL_emulation           com.example.MyJD                     D  app_time_stats: avg=235.46ms min=8.03ms max=10509.30ms count=48
2025-10-20 00:46:32.847 12507-12526 EGL_emulation           com.example.MyJD                     D  app_time_stats: avg=16.44ms min=1.19ms max=599.59ms count=52
2025-10-20 00:46:32.936 12507-12507 OnBackInvokedCallback   com.example.MyJD                     W  OnBackInvokedCallback is not enabled for the application.
                                                                                                    Set 'android:enableOnBackInvokedCallback="true"' in the application manifest.
2025-10-20 00:46:33.929 12507-12526 EGL_emulation           com.example.MyJD                     D  app_time_stats: avg=10.75ms min=1.61ms max=248.76ms count=46
2025-10-20 00:46:33.988 12507-12507 OnBackInvokedCallback   com.example.MyJD                     W  OnBackInvokedCallback is not enabled for the application.
                                                                                                    Set 'android:enableOnBackInvokedCallback="true"' in the application manifest.
2025-10-20 00:46:33.991 12507-12526 Parcel                  com.example.MyJD                     W  Expecting binder but got null!
2025-10-20 00:46:34.014 12507-12526 OpenGLRenderer          com.example.MyJD                     E  Unable to match the desired swap behavior.
2025-10-20 00:46:35.954 12507-12526 EGL_emulation           com.example.MyJD                     D  app_time_stats: avg=639.78ms min=7.25ms max=1857.47ms count=3
2025-10-20 00:46:36.045 12507-12507 ProductSpecViewModel    com.example.MyJD                     D  Attempting to add item to cart...
2025-10-20 00:46:36.045 12507-12507 ProductSpecViewModel    com.example.MyJD                     D  Cart before adding: 0 items
2025-10-20 00:46:36.046 12507-12507 DataRepository          com.example.MyJD                     D  Adding to cart: CartItemSpec(id=iphone15_001_1760892396045, productId=iphone15_001, productName=Apple/苹果 iPhone 15 (A3092) 128GB, series=iPhone 15, color=蓝色, storage=128GB, image=image/iPhone15图3.JPG, price=3799.0, originalPrice=3899.0, quantity=1, selected=true, promotionTags=[政府补贴已减100, 国家贴息 12期免息], subsidyInfo=比加入时降¥100, storeName=Apple产品京东自营旗舰店, storeTag=自营)
2025-10-20 00:46:36.046 12507-12507 DataRepository          com.example.MyJD                     D  Current cart size: 0
2025-10-20 00:46:36.046 12507-12507 DataRepository          com.example.MyJD                     D  Added new item to cart
2025-10-20 00:46:36.046 12507-12507 DataRepository          com.example.MyJD                     D  StateFlows updated - Cart items: 1, Total count: 1
2025-10-20 00:46:36.046 12507-12507 DataRepository          com.example.MyJD                     D  New cart size: 1
2025-10-20 00:46:36.047 12507-12507 DataRepository          com.example.MyJD                     D  Cart items: [Apple/苹果 iPhone 15 (A3092) 128GB - 1]
2025-10-20 00:46:36.047 12507-12507 ProductSpecViewModel    com.example.MyJD                     D  Item added to cart: CartItemSpec(id=iphone15_001_1760892396045, productId=iphone15_001, productName=Apple/苹果 iPhone 15 (A3092) 128GB, series=iPhone 15, color=蓝色, storage=128GB, image=image/iPhone15图3.JPG, price=3799.0, originalPrice=3899.0, quantity=1, selected=true, promotionTags=[政府补贴已减100, 国家贴息 12期免息], subsidyInfo=比加入时降¥100, storeName=Apple产品京东自营旗舰店, storeTag=自营)
2025-10-20 00:46:36.047 12507-12507 ProductSpecViewModel    com.example.MyJD                     D  Cart after adding: 1 items
2025-10-20 00:46:36.047 12507-12507 ProductSpecViewModel    com.example.MyJD                     D  All cart items: [Apple/苹果 iPhone 15 (A3092) 128GB x1]
2025-10-20 00:46:36.070 12507-12526 OpenGLRenderer          com.example.MyJD                     D  endAllActiveAnimators on 0xb4000072fcf45e80 (UnprojectedRipple) with handle 0xb40000720cf28970
2025-10-20 00:46:36.095 12507-12526 EGL_emulation           com.example.MyJD                     D  app_time_stats: avg=42.45ms min=10.87ms max=1282.77ms count=51
2025-10-20 00:46:42.297 12507-12526 EGL_emulation           com.example.MyJD                     D  app_time_stats: avg=6202.10ms min=6202.10ms max=6202.10ms count=1
2025-10-20 00:46:42.462 12507-12507 CartScreen              com.example.MyJD                     D  Cart data updated via StateFlow: 0 items
